
> attendly@0.1.0 build
> next build

▲ Next.js 16.2.10 (Turbopack)

  Creating an optimized production build ...
✓ Compiled successfully in 1223ms
  Running TypeScript ...
  Finished TypeScript in 1712ms ...
  Collecting page data using 7 workers ...
  Generating static pages using 7 workers (0/8) ...
  Generating static pages using 7 workers (2/8) 
  Generating static pages using 7 workers (4/8) 
  Generating static pages using 7 workers (6/8) 
✓ Generating static pages using 7 workers (8/8) in 95ms
  Finalizing page optimization ...

Route (app)
┌ ○ /
├ ○ /_not-found
├ ƒ /api/auth/login
├ ƒ /api/auth/logout
├ ƒ /api/check-in
├ ƒ /api/sessions/[id]/close
├ ƒ /api/sessions/[id]/manual
├ ƒ /api/sessions/[id]/open
├ ƒ /api/sessions/[id]/qr
├ ƒ /check-in
├ ƒ /lecturer/sessions/[id]
└ ƒ /login


○  (Static)   prerendered as static content
ƒ  (Dynamic)  server-rendered on demand

