
> attendly@0.1.0 build
> next build

▲ Next.js 16.2.10 (Turbopack)

  Creating an optimized production build ...
✓ Compiled successfully in 1540ms
  Running TypeScript ...
  Finished TypeScript in 1920ms ...
  Collecting page data using 7 workers ...
  Generating static pages using 7 workers (0/9) ...
  Generating static pages using 7 workers (2/9) 
  Generating static pages using 7 workers (4/9) 
  Generating static pages using 7 workers (6/9) 
✓ Generating static pages using 7 workers (9/9) in 95ms
  Finalizing page optimization ...

Route (app)
┌ ○ /
├ ○ /_not-found
├ ƒ /api/auth/login
├ ƒ /api/auth/logout
├ ƒ /api/check-in
├ ƒ /api/sections/[id]/report/export
├ ƒ /api/sessions/[id]/close
├ ƒ /api/sessions/[id]/manual
├ ƒ /api/sessions/[id]/open
├ ƒ /api/sessions/[id]/qr
├ ƒ /check-in
├ ƒ /lecturer/sections/[id]/report
├ ƒ /lecturer/sessions/[id]
├ ƒ /login
└ ƒ /student/history


○  (Static)   prerendered as static content
ƒ  (Dynamic)  server-rendered on demand

