
> attendly@0.1.0 test
> vitest run --passWithNoTests


 RUN  v4.1.10 /Users/trungtran/MyPlace/Personal/Learning/ai-engineering-learning/projects/hs-skills_attendly

No test files found, exiting with code 0


> attendly@0.1.0 lint
> eslint src


> attendly@0.1.0 build
> next build

▲ Next.js 16.2.10 (Turbopack)

  Creating an optimized production build ...
✓ Compiled successfully in 951ms
  Running TypeScript ...

  We detected TypeScript in your project and reconfigured your tsconfig.json file for you.
  The following suggested values were added to your tsconfig.json. These values can be changed to fit your project's needs:

  	- include was updated to add '.next/dev/types/**/*.ts'

  Finished TypeScript in 1124ms ...
  Collecting page data using 4 workers ...
  Generating static pages using 4 workers (0/3) ...
✓ Generating static pages using 4 workers (3/3) in 175ms
  Finalizing page optimization ...

Route (app)
┌ ○ /
└ ○ /_not-found


○  (Static)  prerendered as static content

include: **/*.{test,spec}.?(c|m)[jt]s?(x)
exclude:  **/node_modules/**, **/.git/**

